// Jest Snapshot v1, https://goo.gl/fbAQLP

exports[`<CaptchaField /> renders null by default 1`] = `null`;

exports[`<NativeCaptchaField /> renders correctly 1`] = `
<div
  className="captcha"
>
  <img
    alt="captcha"
    src="data:image/png;base64,..."
  />
  <div
    className="input required"
  >
    <input
      autoCapitalize="off"
      autoComplete="off"
      autoCorrect="off"
      onChange={[Function]}
      placeholder="Enter the pictured text"
      required={true}
      type="text"
    />
  </div>
</div>
`;
