// Jest Snapshot v1, https://goo.gl/fbAQLP

exports[`<LoginForm /> renders for Mastodon 1`] = `
<form
  className="simple_form new_user"
  method="post"
>
  <fieldset>
    <div
      className="fields-group"
    >
      <div
        className="input email user_email"
      >
        <input
          aria-label="Username"
          autoCapitalize="off"
          autoComplete="off"
          autoCorrect="off"
          className="string email"
          name="username"
          placeholder="Username"
          required={true}
          type="text"
        />
      </div>
      <div
        className="input required showable-password password user_password"
      >
        <input
          aria-label="Password"
          autoCapitalize="off"
          autoComplete="off"
          autoCorrect="off"
          name="password"
          placeholder="Password"
          required={true}
          type="password"
        />
        <button
          aria-label="Show password"
          className="icon-button"
          disabled={false}
          onClick={[Function]}
          onKeyDown={[Function]}
          onKeyPress={[Function]}
          onKeyUp={[Function]}
          onMouseDown={[Function]}
          onMouseEnter={[Function]}
          onMouseLeave={[Function]}
          tabIndex="0"
          title="Show password"
          type="button"
        >
          <div
            style={Object {}}
          >
            <div
              aria-hidden="true"
              className="svg-icon"
              fixedWidth={true}
            >
              <svg
                id={
                  Object {
                    "process": [Function],
                  }
                }
              />
            </div>
          </div>
        </button>
      </div>
      <p
        className="hint subtle-hint"
      >
        <a
          href="/auth/password/new"
        >
          Trouble logging in?
        </a>
      </p>
    </div>
  </fieldset>
  <div
    className="actions"
  >
    <button
      className="btn button button-primary"
      name="button"
      type="submit"
    >
      Log in
    </button>
  </div>
</form>
`;

exports[`<LoginForm /> renders for Pleroma 1`] = `
<form
  className="simple_form new_user"
  method="post"
>
  <fieldset>
    <div
      className="fields-group"
    >
      <div
        className="input email user_email"
      >
        <input
          aria-label="Username"
          autoCapitalize="off"
          autoComplete="off"
          autoCorrect="off"
          className="string email"
          name="username"
          placeholder="Username"
          required={true}
          type="text"
        />
      </div>
      <div
        className="input required showable-password password user_password"
      >
        <input
          aria-label="Password"
          autoCapitalize="off"
          autoComplete="off"
          autoCorrect="off"
          name="password"
          placeholder="Password"
          required={true}
          type="password"
        />
        <button
          aria-label="Show password"
          className="icon-button"
          disabled={false}
          onClick={[Function]}
          onKeyDown={[Function]}
          onKeyPress={[Function]}
          onKeyUp={[Function]}
          onMouseDown={[Function]}
          onMouseEnter={[Function]}
          onMouseLeave={[Function]}
          tabIndex="0"
          title="Show password"
          type="button"
        >
          <div
            style={Object {}}
          >
            <div
              aria-hidden="true"
              className="svg-icon"
              fixedWidth={true}
            >
              <svg
                id={
                  Object {
                    "process": [Function],
                  }
                }
              />
            </div>
          </div>
        </button>
      </div>
      <p
        className="hint subtle-hint"
      >
        <a
          href="/auth/reset_password"
          onClick={[Function]}
        >
          Trouble logging in?
        </a>
      </p>
    </div>
  </fieldset>
  <div
    className="actions"
  >
    <button
      className="btn button button-primary"
      name="button"
      type="submit"
    >
      Log in
    </button>
  </div>
</form>
`;
